[{"stream_name":"stdout","time":0.646767405,"data":"================================================================================\n"}
,{"stream_name":"stdout","time":0.646801652,"data":"🏛️ VIGYAN AI 7B MoE: 100-PROBLEM RIGOROUS UNSEEN BENCHMARK RUNNER\n"}
,{"stream_name":"stdout","time":0.646806643,"data":"   Model: shreyansh12183/vigyan-olmoe-1b-7b-dpo-masterpiece\n"}
,{"stream_name":"stdout","time":0.646809209,"data":"   Hardware: Kaggle Dual Tesla T4 GPUs | Chief Judge Suite\n"}
,{"stream_name":"stdout","time":0.646811738,"data":"================================================================================\n"}
,{"stream_name":"stdout","time":0.647161134,"data":"Start Time: 2026-10-07 08:32:18 UTC\n"}
,{"stream_name":"stdout","time":0.647170787,"data":"\n"}
,{"stream_name":"stdout","time":0.64717476,"data":"📦 Bootstrapping dependencies...\n"}
,{"stream_name":"stdout","time":15.240873889,"data":"Found existing installation: torchao 0.10.0\n"}
,{"stream_name":"stdout","time":15.307055483,"data":"Uninstalling torchao-0.10.0:\n"}
,{"stream_name":"stdout","time":15.590799862,"data":"  Successfully uninstalled torchao-0.10.0\n"}
,{"stream_name":"stdout","time":17.611113972,"data":"   ━━━━━━━━━━━━━━━━━━━━━━━━━━━━━━━━━━━━━━━━ 43.1/43.1 MB 50.1 MB/s eta 0:00:00\n"}
,{"stream_name":"stdout","time":36.243089571,"data":"✓ Dependencies verified\n"}
,{"stream_name":"stdout","time":55.061135218,"data":"\n"}
,{"stream_name":"stdout","time":55.061158798,"data":"📥 Loading Base Model and DPO Adapter in 4-bit NF4...\n"}
,{"stream_name":"stderr","time":56.409007178,"data":"[transformers] `torch_dtype` is deprecated! Use `dtype` instead!\n"}
,{"stream_name":"stderr","time":108.090354459,"data":"\rFetching 3 files:   0%|          | 0/3 [00:00\u003c?, ?it/s]\rFetching 3 files:  33%|███▎      | 1/3 [00:43\u003c01:27, 43.85s/it]\rFetching 3 files:  67%|██████▋   | 2/3 [00:51\u003c00:22, 22.34s/it]\rFetching 3 files: 100%|██████████| 3/3 [00:51\u003c00:00, 17.07s/it]\n"}
,{"stream_name":"stderr","time":134.072994415,"data":"\rLoading weights:   0%|          | 0/179 [00:00\u003c?, ?it/s]\rLoading weights:   1%|          | 1/179 [00:00\u003c01:42,  1.74it/s]\rLoading weights:   1%|          | 2/179 [00:00\u003c01:23,  2.13it/s]\rLoading weights:   2%|▏         | 4/179 [00:01\u003c00:45,  3.82it/s]\rLoading weights:   3%|▎         | 5/179 [00:01\u003c00:56,  3.09it/s]\rLoading weights:   5%|▌         | 9/179 [00:01\u003c00:23,  7.10it/s]\rLoading weights:   8%|▊         | 15/179 [00:02\u003c00:12, 13.29it/s]\rLoading weights:  10%|█         | 18/179 [00:02\u003c00:13, 12.26it/s]\rLoading weights:  15%|█▍        | 26/179 [00:02\u003c00:07, 20.28it/s]\rLoading weights:  16%|█▌        | 29/179 [00:02\u003c00:08, 16.69it/s]\rLoading weights:  21%|██        | 37/179 [00:02\u003c00:05, 23.88it/s]\rLoading weights:  23%|██▎       | 41/179 [00:03\u003c00:06, 20.20it/s]\rLoading weights:  27%|██▋       | 48/179 [00:03\u003c00:05, 25.37it/s]\rLoading weights:  29%|██▉       | 52/179 [00:03\u003c00:06, 21.14it/s]\rLoading weights:  33%|███▎      | 59/179 [00:03\u003c00:04, 26.08it/s]\rLoading weights:  35%|███▌      | 63/179 [00:04\u003c00:05, 21.52it/s]\rLoading weights:  39%|███▉      | 70/179 [00:04\u003c00:04, 26.42it/s]\rLoading weights:  41%|████▏     | 74/179 [00:04\u003c00:04, 21.69it/s]\rLoading weights:  45%|████▌     | 81/179 [00:04\u003c00:03, 26.42it/s]\rLoading weights:  47%|████▋     | 85/179 [00:05\u003c00:04, 21.69it/s]\rLoading weights:  51%|█████▏    | 92/179 [00:05\u003c00:03, 25.70it/s]\rLoading weights:  53%|█████▎    | 95/179 [00:05\u003c00:04, 20.10it/s]\rLoading weights:  58%|█████▊    | 103/179 [00:05\u003c00:02, 26.54it/s]\rLoading weights:  60%|█████▉    | 107/179 [00:05\u003c00:03, 21.96it/s]\rLoading weights:  64%|██████▎   | 114/179 [00:06\u003c00:03, 20.74it/s]\rLoading weights:  65%|██████▌   | 117/179 [00:07\u003c00:05, 12.08it/s]\rLoading weights:  70%|██████▉   | 125/179 [00:07\u003c00:03, 16.12it/s]\rLoading weights:  72%|███████▏  | 128/179 [00:07\u003c00:04, 11.65it/s]\rLoading weights:  76%|███████▌  | 136/179 [00:08\u003c00:02, 15.34it/s]\rLoading weights:  78%|███████▊  | 139/179 [00:08\u003c00:03, 11.89it/s]\rLoading weights:  82%|████████▏ | 147/179 [00:08\u003c00:01, 16.61it/s]\rLoading weights:  84%|████████▍ | 150/179 [00:09\u003c00:02, 14.45it/s]\rLoading weights:  88%|████████▊ | 158/179 [00:09\u003c00:01, 20.25it/s]\rLoading weights:  90%|████████▉ | 161/179 [00:09\u003c00:01, 17.33it/s]\rLoading weights:  94%|█████████▍| 169/179 [00:09\u003c00:00, 23.54it/s]\rLoading weights:  97%|█████████▋| 173/179 [00:10\u003c00:00, 20.39it/s]\rLoading weights: 100%|██████████| 179/179 [00:10\u003c00:00, 17.64it/s]\n"}
,{"stream_name":"stdout","time":134.532081005,"data":"✓ Base OLMoE Model Loaded\n"}
,{"stream_name":"stdout","time":137.192990873,"data":"✓ DPO Masterpiece Adapter shreyansh12183/vigyan-olmoe-1b-7b-dpo-masterpiece Loaded \u0026 Set to Eval Mode\n"}
,{"stream_name":"stdout","time":137.193025624,"data":"\n"}
,{"stream_name":"stdout","time":137.193031324,"data":"📚 Loading 100 Inlined Unseen Questions...\n"}
,{"stream_name":"stdout","time":137.193036592,"data":"✓ Loaded 100 inlined questions across 5 vectors\n"}
,{"stream_name":"stdout","time":137.193051587,"data":"\n"}
,{"stream_name":"stdout","time":137.193056218,"data":"🚀 Running 100-Problem Benchmark on Tesla T4...\n"}
,{"stream_name":"stderr","time":137.232160145,"data":"[transformers] The following generation flags are not valid and may be ignored: ['temperature']. Set `TRANSFORMERS_VERBOSITY=info` for more details.\n"}
,{"stream_name":"stderr","time":148.452708851,"data":"[transformers] Ignoring clean_up_tokenization_spaces=True for BPE tokenizer GPTNeoXTokenizer. The clean_up_tokenization post-processing step is designed for WordPiece tokenizers and is destructive for BPE (it strips spaces before punctuation). Set clean_up_tokenization_spaces=False to suppress this warning, or set clean_up_tokenization_spaces_for_bpe_even_though_it_will_corrupt_output=True to force cleanup anyway.\n"}
,{"stream_name":"stdout","time":328.565429646,"data":"  [010/100] Latency: 28664.2ms | Tokens: 512 | Format OK: True\n"}
,{"stream_name":"stdout","time":577.972502236,"data":"  [020/100] Latency: 28815.4ms | Tokens: 512 | Format OK: True\n"}
,{"stream_name":"stdout","time":794.998858217,"data":"  [030/100] Latency: 28530.1ms | Tokens: 512 | Format OK: True\n"}
,{"stream_name":"stdout","time":1019.68105547,"data":"  [040/100] Latency: 12279.0ms | Tokens: 220 | Format OK: False\n"}
,{"stream_name":"stdout","time":1284.878203394,"data":"  [050/100] Latency: 28567.5ms | Tokens: 512 | Format OK: False\n"}
,{"stream_name":"stdout","time":1502.292080229,"data":"  [060/100] Latency: 28640.9ms | Tokens: 512 | Format OK: True\n"}
,{"stream_name":"stdout","time":1778.150029395,"data":"  [070/100] Latency: 28452.5ms | Tokens: 512 | Format OK: False\n"}
,{"stream_name":"stdout","time":2045.509385745,"data":"  [080/100] Latency: 28638.9ms | Tokens: 512 | Format OK: True\n"}
,{"stream_name":"stdout","time":2269.155239111,"data":"  [090/100] Latency: 28460.7ms | Tokens: 512 | Format OK: False\n"}
,{"stream_name":"stdout","time":2525.562737332,"data":"  [100/100] Latency: 28095.8ms | Tokens: 512 | Format OK: True\n"}
,{"stream_name":"stdout","time":2525.562787536,"data":"\n"}
,{"stream_name":"stdout","time":2525.562806876,"data":"✓ Completed 100 inferences in 2388.37s (39.8 mins)\n"}
,{"stream_name":"stdout","time":2525.565646724,"data":"✓ Wrote raw results to /kaggle/working/dpo_benchmark_outputs/dpo_unseen_benchmark_results.json\n"}
,{"stream_name":"stdout","time":2525.565990031,"data":"✓ Wrote initial scorecard to /kaggle/working/dpo_benchmark_outputs/dpo_unseen_scorecard.md\n"}
,{"stream_name":"stdout","time":2525.566000033,"data":"\n"}
,{"stream_name":"stdout","time":2525.566003598,"data":"☁️ Uploading benchmark outputs to HF repo: shreyansh12183/vigyan-olmoe-1b-7b-dpo-masterpiece...\n"}
,{"stream_name":"stdout","time":2526.708919481,"data":"✓ Successfully mirrored benchmark results and scorecard to Hugging Face\n"}
,{"stream_name":"stdout","time":2526.708947856,"data":"================================================================================\n"}
,{"stream_name":"stdout","time":2526.708953397,"data":"🎉 BENCHMARK RUNNER EXECUTION COMPLETE!\n"}
,{"stream_name":"stdout","time":2526.708957419,"data":"================================================================================\n"}
,{"stream_name":"stderr","time":2532.827199025,"data":"/usr/local/lib/python3.13/dist-packages/mistune.py:435: SyntaxWarning: invalid escape sequence '\\|'\n"}
,{"stream_name":"stderr","time":2532.827225952,"data":"  cells[i][c] = re.sub('\\\\\\\\\\|', '|', cell)\n"}
,{"stream_name":"stderr","time":2533.062752091,"data":"/usr/local/lib/python3.13/dist-packages/nbconvert/filters/filter_links.py:36: SyntaxWarning: invalid escape sequence '\\_'\n"}
,{"stream_name":"stderr","time":2533.062775096,"data":"  text = re.sub(r'_', '\\_', text) # Escape underscores in display text\n"}
,{"stream_name":"stderr","time":2533.776516197,"data":"[NbConvertApp] Converting notebook __script__.ipynb to html\n"}
,{"stream_name":"stderr","time":2534.780236713,"data":"[NbConvertApp] Writing 427685 bytes to __results__.html\n"}
]